⚠ Slow filesystem detected. The benchmark took 697ms. If \\?\D:\LearnKanji\kanji-web\.next\dev is a network drive, consider moving it to a local folder.
See more: https://nextjs.org/docs/app/guides/local-development
⨯ ./src/app/api/shadowing/enrich/route.ts:6:1
Error: Module not found: Can't resolve '@/lib/shadowingEnrichment'
  [90m4 |[0m   [33mShadowingEnrichmentItem[0m,
  [90m5 |[0m } [36mfrom[0m [32m'@/lib/shadowingEnrichment'[0m;
[31m[1m>[0m [90m6 |[0m [36mimport[0m { [33mSHADOWING_ENRICHMENT_BATCH_SIZE[0m } [36mfrom[0m [32m'@/lib/shadowingEnrichment'[0m;
  [90m  |[0m [31m[1m^^^^^^^^^^^^^^^^^^^^^^^^^^^^^^^^^^^^^^^^^^^^^^^^^^^^^^^^^^^^^^^^^^^^^^^^^^^^[0m
  [90m7 |[0m [36mimport[0m { [33mMAX_SHADOWING_ENRICHMENT_TEXT_LENGTH[0m } [36mfrom[0m [32m'@/lib/shadowingEnrichment'[0m;
  [90m8 |[0m [36mimport[0m { toHiragana } [36mfrom[0m [32m'wanakana'[0m;
  [90m9 |[0m

Import map: aliased to relative './src/lib/shadowingEnrichment' inside of [project]/


https://nextjs.org/docs/messages/module-not-found


⨯ ./src/app/api/shadowing/enrich/route.ts:6:1
Error: Module not found: Can't resolve '@/lib/shadowingEnrichment'
  [90m4 |[0m   [33mShadowingEnrichmentItem[0m,
  [90m5 |[0m } [36mfrom[0m [32m'@/lib/shadowingEnrichment'[0m;
[31m[1m>[0m [90m6 |[0m [36mimport[0m { [33mSHADOWING_ENRICHMENT_BATCH_SIZE[0m } [36mfrom[0m [32m'@/lib/shadowingEnrichment'[0m;
  [90m  |[0m [31m[1m^^^^^^^^^^^^^^^^^^^^^^^^^^^^^^^^^^^^^^^^^^^^^^^^^^^^^^^^^^^^^^^^^^^^^^^^^^^^[0m
  [90m7 |[0m [36mimport[0m { [33mMAX_SHADOWING_ENRICHMENT_TEXT_LENGTH[0m } [36mfrom[0m [32m'@/lib/shadowingEnrichment'[0m;
  [90m8 |[0m [36mimport[0m { toHiragana } [36mfrom[0m [32m'wanakana'[0m;
  [90m9 |[0m

Import map: aliased to relative './src/lib/shadowingEnrichment' inside of [project]/


https://nextjs.org/docs/messages/module-not-found


⨯ ./src/app/api/shadowing/enrich/route.ts:7:1
Error: Module not found: Can't resolve '@/lib/shadowingEnrichment'
  [90m 5 |[0m } [36mfrom[0m [32m'@/lib/shadowingEnrichment'[0m;
  [90m 6 |[0m [36mimport[0m { [33mSHADOWING_ENRICHMENT_BATCH_SIZE[0m } [36mfrom[0m [32m'@/lib/shadowingEnrichment'[0m;
[31m[1m>[0m [90m 7 |[0m [36mimport[0m { [33mMAX_SHADOWING_ENRICHMENT_TEXT_LENGTH[0m } [36mfrom[0m [32m'@/lib/shadowingEnrichment'[0m;
  [90m   |[0m [31m[1m^^^^^^^^^^^^^^^^^^^^^^^^^^^^^^^^^^^^^^^^^^^^^^^^^^^^^^^^^^^^^^^^^^^^^^^^^^^^^^^^^[0m
  [90m 8 |[0m [36mimport[0m { toHiragana } [36mfrom[0m [32m'wanakana'[0m;
  [90m 9 |[0m
  [90m10 |[0m [36mexport[0m [36mconst[0m runtime = [32m'nodejs'[0m;

Import map: aliased to relative './src/lib/shadowingEnrichment' inside of [project]/


https://nextjs.org/docs/messages/module-not-found


⨯ ./src/app/api/shadowing/enrich/route.ts:7:1
Error: Module not found: Can't resolve '@/lib/shadowingEnrichment'
  [90m 5 |[0m } [36mfrom[0m [32m'@/lib/shadowingEnrichment'[0m;
  [90m 6 |[0m [36mimport[0m { [33mSHADOWING_ENRICHMENT_BATCH_SIZE[0m } [36mfrom[0m [32m'@/lib/shadowingEnrichment'[0m;
[31m[1m>[0m [90m 7 |[0m [36mimport[0m { [33mMAX_SHADOWING_ENRICHMENT_TEXT_LENGTH[0m } [36mfrom[0m [32m'@/lib/shadowingEnrichment'[0m;
  [90m   |[0m [31m[1m^^^^^^^^^^^^^^^^^^^^^^^^^^^^^^^^^^^^^^^^^^^^^^^^^^^^^^^^^^^^^^^^^^^^^^^^^^^^^^^^^[0m
  [90m 8 |[0m [36mimport[0m { toHiragana } [36mfrom[0m [32m'wanakana'[0m;
  [90m 9 |[0m
  [90m10 |[0m [36mexport[0m [36mconst[0m runtime = [32m'nodejs'[0m;

Import map: aliased to relative './src/lib/shadowingEnrichment' inside of [project]/


https://nextjs.org/docs/messages/module-not-found


⨯ ./src/components/ShadowingLessonEditor.tsx:14:1
Error: Module not found: Can't resolve '@/lib/shadowingEnrichment'
  [90m12 |[0m   [36mtype[0m [33mShadowingTopic[0m,
  [90m13 |[0m } [36mfrom[0m [32m'@/lib/shadowing'[0m;
[31m[1m>[0m [90m14 |[0m [36mimport[0m {
  [90m   |[0m [31m[1m^^^^^^^[0m
[31m[1m>[0m [90m15 |[0m   [33mMAX_SHADOWING_ENRICHMENT_TEXT_LENGTH[0m,
  [90m   |[0m [31m[1m^^^^^^^^^^^^^^^^^^^^^^^^^^^^^^^^^^^^^^^[0m
[31m[1m>[0m [90m16 |[0m   mergeShadowingEnrichment,
  [90m   |[0m [31m[1m^^^^^^^^^^^^^^^^^^^^^^^^^^^[0m
[31m[1m>[0m [90m17 |[0m   parseShadowingEnrichmentResponse,
  [90m   |[0m [31m[1m^^^^^^^^^^^^^^^^^^^^^^^^^^^^^^^^^^^[0m
[31m[1m>[0m [90m18 |[0m   [33mSHADOWING_ENRICHMENT_BATCH_SIZE[0m,
  [90m   |[0m [31m[1m^^^^^^^^^^^^^^^^^^^^^^^^^^^^^^^^^^[0m
[31m[1m>[0m [90m19 |[0m } [36mfrom[0m [32m'@/lib/shadowingEnrichment'[0m;
  [90m   |[0m [31m[1m^^^^^^^^^^^^^^^^^^^^^^^^^^^^^^^^^^^[0m
  [90m20 |[0m
  [90m21 |[0m [36mtype[0m [33mProps[0m = {
  [90m22 |[0m   lesson?: [33mShadowingLesson[0m | [36mnull[0m;

Import map: aliased to relative './src/lib/shadowingEnrichment' inside of [project]/


Import traces:
  Client Component Browser:
    ./src/components/ShadowingLessonEditor.tsx [Client Component Browser]
    ./src/components/ShadowingHub.tsx [Client Component Browser]
    ./src/app/page.tsx [Client Component Browser]
    ./src/app/page.tsx [Server Component]

  Client Component SSR:
    ./src/components/ShadowingLessonEditor.tsx [Client Component SSR]
    ./src/components/ShadowingHub.tsx [Client Component SSR]
    ./src/app/page.tsx [Client Component SSR]
    ./src/app/page.tsx [Server Component]

https://nextjs.org/docs/messages/module-not-found


⨯ ./src/components/ShadowingLessonEditor.tsx:14:1
Error: Module not found: Can't resolve '@/lib/shadowingEnrichment'
  [90m12 |[0m   [36mtype[0m [33mShadowingTopic[0m,
  [90m13 |[0m } [36mfrom[0m [32m'@/lib/shadowing'[0m;
[31m[1m>[0m [90m14 |[0m [36mimport[0m {
  [90m   |[0m [31m[1m^^^^^^^[0m
[31m[1m>[0m [90m15 |[0m   [33mMAX_SHADOWING_ENRICHMENT_TEXT_LENGTH[0m,
  [90m   |[0m [31m[1m^^^^^^^^^^^^^^^^^^^^^^^^^^^^^^^^^^^^^^^[0m
[31m[1m>[0m [90m16 |[0m   mergeShadowingEnrichment,
  [90m   |[0m [31m[1m^^^^^^^^^^^^^^^^^^^^^^^^^^^[0m
[31m[1m>[0m [90m17 |[0m   parseShadowingEnrichmentResponse,
  [90m   |[0m [31m[1m^^^^^^^^^^^^^^^^^^^^^^^^^^^^^^^^^^^[0m
[31m[1m>[0m [90m18 |[0m   [33mSHADOWING_ENRICHMENT_BATCH_SIZE[0m,
  [90m   |[0m [31m[1m^^^^^^^^^^^^^^^^^^^^^^^^^^^^^^^^^^[0m
[31m[1m>[0m [90m19 |[0m } [36mfrom[0m [32m'@/lib/shadowingEnrichment'[0m;
  [90m   |[0m [31m[1m^^^^^^^^^^^^^^^^^^^^^^^^^^^^^^^^^^^[0m
  [90m20 |[0m
  [90m21 |[0m [36mtype[0m [33mProps[0m = {
  [90m22 |[0m   lesson?: [33mShadowingLesson[0m | [36mnull[0m;

Import map: aliased to relative './src/lib/shadowingEnrichment' inside of [project]/


Import traces:
  Client Component Browser:
    ./src/components/ShadowingLessonEditor.tsx [Client Component Browser]
    ./src/components/ShadowingHub.tsx [Client Component Browser]
    ./src/app/page.tsx [Client Component Browser]
    ./src/app/page.tsx [Server Component]

  Client Component SSR:
    ./src/components/ShadowingLessonEditor.tsx [Client Component SSR]
    ./src/components/ShadowingHub.tsx [Client Component SSR]
    ./src/app/page.tsx [Client Component SSR]
    ./src/app/page.tsx [Server Component]

https://nextjs.org/docs/messages/module-not-found


⨯ ./src/components/ShadowingLessonEditor.tsx:14:1
Error: Module not found: Can't resolve '@/lib/shadowingEnrichment'
  [90m12 |[0m   [36mtype[0m [33mShadowingTopic[0m,
  [90m13 |[0m } [36mfrom[0m [32m'@/lib/shadowing'[0m;
[31m[1m>[0m [90m14 |[0m [36mimport[0m {
  [90m   |[0m [31m[1m^^^^^^^[0m
[31m[1m>[0m [90m15 |[0m   [33mMAX_SHADOWING_ENRICHMENT_TEXT_LENGTH[0m,
  [90m   |[0m [31m[1m^^^^^^^^^^^^^^^^^^^^^^^^^^^^^^^^^^^^^^^[0m
[31m[1m>[0m [90m16 |[0m   mergeShadowingEnrichment,
  [90m   |[0m [31m[1m^^^^^^^^^^^^^^^^^^^^^^^^^^^[0m
[31m[1m>[0m [90m17 |[0m   parseShadowingEnrichmentResponse,
  [90m   |[0m [31m[1m^^^^^^^^^^^^^^^^^^^^^^^^^^^^^^^^^^^[0m
[31m[1m>[0m [90m18 |[0m   [33mSHADOWING_ENRICHMENT_BATCH_SIZE[0m,
  [90m   |[0m [31m[1m^^^^^^^^^^^^^^^^^^^^^^^^^^^^^^^^^^[0m
[31m[1m>[0m [90m19 |[0m } [36mfrom[0m [32m'@/lib/shadowingEnrichment'[0m;
  [90m   |[0m [31m[1m^^^^^^^^^^^^^^^^^^^^^^^^^^^^^^^^^^^[0m
  [90m20 |[0m
  [90m21 |[0m [36mtype[0m [33mProps[0m = {
  [90m22 |[0m   lesson?: [33mShadowingLesson[0m | [36mnull[0m;

Import map: aliased to relative './src/lib/shadowingEnrichment' inside of [project]/


Import traces:
  Client Component Browser:
    ./src/components/ShadowingLessonEditor.tsx [Client Component Browser]
    ./src/components/ShadowingHub.tsx [Client Component Browser]
    ./src/app/page.tsx [Client Component Browser]
    ./src/app/page.tsx [Server Component]

  Client Component SSR:
    ./src/components/ShadowingLessonEditor.tsx [Client Component SSR]
    ./src/components/ShadowingHub.tsx [Client Component SSR]
    ./src/app/page.tsx [Client Component SSR]
    ./src/app/page.tsx [Server Component]

https://nextjs.org/docs/messages/module-not-found


⨯ ./src/components/ShadowingLessonEditor.tsx:14:1
Error: Module not found: Can't resolve '@/lib/shadowingEnrichment'
  [90m12 |[0m   [36mtype[0m [33mShadowingTopic[0m,
  [90m13 |[0m } [36mfrom[0m [32m'@/lib/shadowing'[0m;
[31m[1m>[0m [90m14 |[0m [36mimport[0m {
  [90m   |[0m [31m[1m^^^^^^^[0m
[31m[1m>[0m [90m15 |[0m   [33mMAX_SHADOWING_ENRICHMENT_TEXT_LENGTH[0m,
  [90m   |[0m [31m[1m^^^^^^^^^^^^^^^^^^^^^^^^^^^^^^^^^^^^^^^[0m
[31m[1m>[0m [90m16 |[0m   mergeShadowingEnrichment,
  [90m   |[0m [31m[1m^^^^^^^^^^^^^^^^^^^^^^^^^^^[0m
[31m[1m>[0m [90m17 |[0m   parseShadowingEnrichmentResponse,
  [90m   |[0m [31m[1m^^^^^^^^^^^^^^^^^^^^^^^^^^^^^^^^^^^[0m
[31m[1m>[0m [90m18 |[0m   [33mSHADOWING_ENRICHMENT_BATCH_SIZE[0m,
  [90m   |[0m [31m[1m^^^^^^^^^^^^^^^^^^^^^^^^^^^^^^^^^^[0m
[31m[1m>[0m [90m19 |[0m } [36mfrom[0m [32m'@/lib/shadowingEnrichment'[0m;
  [90m   |[0m [31m[1m^^^^^^^^^^^^^^^^^^^^^^^^^^^^^^^^^^^[0m
  [90m20 |[0m
  [90m21 |[0m [36mtype[0m [33mProps[0m = {
  [90m22 |[0m   lesson?: [33mShadowingLesson[0m | [36mnull[0m;

Import map: aliased to relative './src/lib/shadowingEnrichment' inside of [project]/


Import traces:
  Client Component Browser:
    ./src/components/ShadowingLessonEditor.tsx [Client Component Browser]
    ./src/components/ShadowingHub.tsx [Client Component Browser]
    ./src/app/page.tsx [Client Component Browser]
    ./src/app/page.tsx [Server Component]

  Client Component SSR:
    ./src/components/ShadowingLessonEditor.tsx [Client Component SSR]
    ./src/components/ShadowingHub.tsx [Client Component SSR]
    ./src/app/page.tsx [Client Component SSR]
    ./src/app/page.tsx [Server Component]

https://nextjs.org/docs/messages/module-not-found


⨯ ./src/components/ShadowingLessonEditor.tsx:14:1
Error: Module not found: Can't resolve '@/lib/shadowingEnrichment'
  [90m12 |[0m   [36mtype[0m [33mShadowingTopic[0m,
  [90m13 |[0m } [36mfrom[0m [32m'@/lib/shadowing'[0m;
[31m[1m>[0m [90m14 |[0m [36mimport[0m {
  [90m   |[0m [31m[1m^^^^^^^[0m
[31m[1m>[0m [90m15 |[0m   [33mMAX_SHADOWING_ENRICHMENT_TEXT_LENGTH[0m,
  [90m   |[0m [31m[1m^^^^^^^^^^^^^^^^^^^^^^^^^^^^^^^^^^^^^^^[0m
[31m[1m>[0m [90m16 |[0m   mergeShadowingEnrichment,
  [90m   |[0m [31m[1m^^^^^^^^^^^^^^^^^^^^^^^^^^^[0m
[31m[1m>[0m [90m17 |[0m   parseShadowingEnrichmentResponse,
  [90m   |[0m [31m[1m^^^^^^^^^^^^^^^^^^^^^^^^^^^^^^^^^^^[0m
[31m[1m>[0m [90m18 |[0m   [33mSHADOWING_ENRICHMENT_BATCH_SIZE[0m,
  [90m   |[0m [31m[1m^^^^^^^^^^^^^^^^^^^^^^^^^^^^^^^^^^[0m
[31m[1m>[0m [90m19 |[0m } [36mfrom[0m [32m'@/lib/shadowingEnrichment'[0m;
  [90m   |[0m [31m[1m^^^^^^^^^^^^^^^^^^^^^^^^^^^^^^^^^^^[0m
  [90m20 |[0m
  [90m21 |[0m [36mtype[0m [33mProps[0m = {
  [90m22 |[0m   lesson?: [33mShadowingLesson[0m | [36mnull[0m;

Import map: aliased to relative './src/lib/shadowingEnrichment' inside of [project]/


Import traces:
  Client Component Browser:
    ./src/components/ShadowingLessonEditor.tsx [Client Component Browser]
    ./src/components/ShadowingHub.tsx [Client Component Browser]
    ./src/app/page.tsx [Client Component Browser]
    ./src/app/page.tsx [Server Component]

  Client Component SSR:
    ./src/components/ShadowingLessonEditor.tsx [Client Component SSR]
    ./src/components/ShadowingHub.tsx [Client Component SSR]
    ./src/app/page.tsx [Client Component SSR]
    ./src/app/page.tsx [Server Component]

https://nextjs.org/docs/messages/module-not-found


⨯ ./src/components/ShadowingLessonEditor.tsx:14:1
Error: Module not found: Can't resolve '@/lib/shadowingEnrichment'
  [90m12 |[0m   [36mtype[0m [33mShadowingTopic[0m,
  [90m13 |[0m } [36mfrom[0m [32m'@/lib/shadowing'[0m;
[31m[1m>[0m [90m14 |[0m [36mimport[0m {
  [90m   |[0m [31m[1m^^^^^^^[0m
[31m[1m>[0m [90m15 |[0m   [33mMAX_SHADOWING_ENRICHMENT_TEXT_LENGTH[0m,
  [90m   |[0m [31m[1m^^^^^^^^^^^^^^^^^^^^^^^^^^^^^^^^^^^^^^^[0m
[31m[1m>[0m [90m16 |[0m   mergeShadowingEnrichment,
  [90m   |[0m [31m[1m^^^^^^^^^^^^^^^^^^^^^^^^^^^[0m
[31m[1m>[0m [90m17 |[0m   parseShadowingEnrichmentResponse,
  [90m   |[0m [31m[1m^^^^^^^^^^^^^^^^^^^^^^^^^^^^^^^^^^^[0m
[31m[1m>[0m [90m18 |[0m   [33mSHADOWING_ENRICHMENT_BATCH_SIZE[0m,
  [90m   |[0m [31m[1m^^^^^^^^^^^^^^^^^^^^^^^^^^^^^^^^^^[0m
[31m[1m>[0m [90m19 |[0m } [36mfrom[0m [32m'@/lib/shadowingEnrichment'[0m;
  [90m   |[0m [31m[1m^^^^^^^^^^^^^^^^^^^^^^^^^^^^^^^^^^^[0m
  [90m20 |[0m
  [90m21 |[0m [36mtype[0m [33mProps[0m = {
  [90m22 |[0m   lesson?: [33mShadowingLesson[0m | [36mnull[0m;

Import map: aliased to relative './src/lib/shadowingEnrichment' inside of [project]/


Import traces:
  Client Component Browser:
    ./src/components/ShadowingLessonEditor.tsx [Client Component Browser]
    ./src/components/ShadowingHub.tsx [Client Component Browser]
    ./src/app/page.tsx [Client Component Browser]
    ./src/app/page.tsx [Server Component]

  Client Component SSR:
    ./src/components/ShadowingLessonEditor.tsx [Client Component SSR]
    ./src/components/ShadowingHub.tsx [Client Component SSR]
    ./src/app/page.tsx [Client Component SSR]
    ./src/app/page.tsx [Server Component]

https://nextjs.org/docs/messages/module-not-found


⨯ ./src/components/ShadowingLessonEditor.tsx:14:1
Error: Module not found: Can't resolve '@/lib/shadowingEnrichment'
  [90m12 |[0m   [36mtype[0m [33mShadowingTopic[0m,
  [90m13 |[0m } [36mfrom[0m [32m'@/lib/shadowing'[0m;
[31m[1m>[0m [90m14 |[0m [36mimport[0m {
  [90m   |[0m [31m[1m^^^^^^^[0m
[31m[1m>[0m [90m15 |[0m   [33mMAX_SHADOWING_ENRICHMENT_TEXT_LENGTH[0m,
  [90m   |[0m [31m[1m^^^^^^^^^^^^^^^^^^^^^^^^^^^^^^^^^^^^^^^[0m
[31m[1m>[0m [90m16 |[0m   mergeShadowingEnrichment,
  [90m   |[0m [31m[1m^^^^^^^^^^^^^^^^^^^^^^^^^^^[0m
[31m[1m>[0m [90m17 |[0m   parseShadowingEnrichmentResponse,
  [90m   |[0m [31m[1m^^^^^^^^^^^^^^^^^^^^^^^^^^^^^^^^^^^[0m
[31m[1m>[0m [90m18 |[0m   [33mSHADOWING_ENRICHMENT_BATCH_SIZE[0m,
  [90m   |[0m [31m[1m^^^^^^^^^^^^^^^^^^^^^^^^^^^^^^^^^^[0m
[31m[1m>[0m [90m19 |[0m } [36mfrom[0m [32m'@/lib/shadowingEnrichment'[0m;
  [90m   |[0m [31m[1m^^^^^^^^^^^^^^^^^^^^^^^^^^^^^^^^^^^[0m
  [90m20 |[0m
  [90m21 |[0m [36mtype[0m [33mProps[0m = {
  [90m22 |[0m   lesson?: [33mShadowingLesson[0m | [36mnull[0m;

Import map: aliased to relative './src/lib/shadowingEnrichment' inside of [project]/


Import traces:
  Client Component Browser:
    ./src/components/ShadowingLessonEditor.tsx [Client Component Browser]
    ./src/components/ShadowingHub.tsx [Client Component Browser]
    ./src/app/page.tsx [Client Component Browser]
    ./src/app/page.tsx [Server Component]

  Client Component SSR:
    ./src/components/ShadowingLessonEditor.tsx [Client Component SSR]
    ./src/components/ShadowingHub.tsx [Client Component SSR]
    ./src/app/page.tsx [Client Component SSR]
    ./src/app/page.tsx [Server Component]

https://nextjs.org/docs/messages/module-not-found


⨯ ./src/components/ShadowingLessonEditor.tsx:14:1
Error: Module not found: Can't resolve '@/lib/shadowingEnrichment'
  [90m12 |[0m   [36mtype[0m [33mShadowingTopic[0m,
  [90m13 |[0m } [36mfrom[0m [32m'@/lib/shadowing'[0m;
[31m[1m>[0m [90m14 |[0m [36mimport[0m {
  [90m   |[0m [31m[1m^^^^^^^[0m
[31m[1m>[0m [90m15 |[0m   [33mMAX_SHADOWING_ENRICHMENT_TEXT_LENGTH[0m,
  [90m   |[0m [31m[1m^^^^^^^^^^^^^^^^^^^^^^^^^^^^^^^^^^^^^^^[0m
[31m[1m>[0m [90m16 |[0m   mergeShadowingEnrichment,
  [90m   |[0m [31m[1m^^^^^^^^^^^^^^^^^^^^^^^^^^^[0m
[31m[1m>[0m [90m17 |[0m   parseShadowingEnrichmentResponse,
  [90m   |[0m [31m[1m^^^^^^^^^^^^^^^^^^^^^^^^^^^^^^^^^^^[0m
[31m[1m>[0m [90m18 |[0m   [33mSHADOWING_ENRICHMENT_BATCH_SIZE[0m,
  [90m   |[0m [31m[1m^^^^^^^^^^^^^^^^^^^^^^^^^^^^^^^^^^[0m
[31m[1m>[0m [90m19 |[0m } [36mfrom[0m [32m'@/lib/shadowingEnrichment'[0m;
  [90m   |[0m [31m[1m^^^^^^^^^^^^^^^^^^^^^^^^^^^^^^^^^^^[0m
  [90m20 |[0m
  [90m21 |[0m [36mtype[0m [33mProps[0m = {
  [90m22 |[0m   lesson?: [33mShadowingLesson[0m | [36mnull[0m;

Import map: aliased to relative './src/lib/shadowingEnrichment' inside of [project]/


Import traces:
  Client Component Browser:
    ./src/components/ShadowingLessonEditor.tsx [Client Component Browser]
    ./src/components/ShadowingHub.tsx [Client Component Browser]
    ./src/app/page.tsx [Client Component Browser]
    ./src/app/page.tsx [Server Component]

  Client Component SSR:
    ./src/components/ShadowingLessonEditor.tsx [Client Component SSR]
    ./src/components/ShadowingHub.tsx [Client Component SSR]
    ./src/app/page.tsx [Client Component SSR]
    ./src/app/page.tsx [Server Component]

https://nextjs.org/docs/messages/module-not-found


⨯ ./src/components/ShadowingLessonEditor.tsx:14:1
Error: Module not found: Can't resolve '@/lib/shadowingEnrichment'
  [90m12 |[0m   [36mtype[0m [33mShadowingTopic[0m,
  [90m13 |[0m } [36mfrom[0m [32m'@/lib/shadowing'[0m;
[31m[1m>[0m [90m14 |[0m [36mimport[0m {
  [90m   |[0m [31m[1m^^^^^^^[0m
[31m[1m>[0m [90m15 |[0m   [33mMAX_SHADOWING_ENRICHMENT_TEXT_LENGTH[0m,
  [90m   |[0m [31m[1m^^^^^^^^^^^^^^^^^^^^^^^^^^^^^^^^^^^^^^^[0m
[31m[1m>[0m [90m16 |[0m   mergeShadowingEnrichment,
  [90m   |[0m [31m[1m^^^^^^^^^^^^^^^^^^^^^^^^^^^[0m
[31m[1m>[0m [90m17 |[0m   parseShadowingEnrichmentResponse,
  [90m   |[0m [31m[1m^^^^^^^^^^^^^^^^^^^^^^^^^^^^^^^^^^^[0m
[31m[1m>[0m [90m18 |[0m   [33mSHADOWING_ENRICHMENT_BATCH_SIZE[0m,
  [90m   |[0m [31m[1m^^^^^^^^^^^^^^^^^^^^^^^^^^^^^^^^^^[0m
[31m[1m>[0m [90m19 |[0m } [36mfrom[0m [32m'@/lib/shadowingEnrichment'[0m;
  [90m   |[0m [31m[1m^^^^^^^^^^^^^^^^^^^^^^^^^^^^^^^^^^^[0m
  [90m20 |[0m
  [90m21 |[0m [36mtype[0m [33mProps[0m = {
  [90m22 |[0m   lesson?: [33mShadowingLesson[0m | [36mnull[0m;

Import map: aliased to relative './src/lib/shadowingEnrichment' inside of [project]/


Import traces:
  Client Component Browser:
    ./src/components/ShadowingLessonEditor.tsx [Client Component Browser]
    ./src/components/ShadowingHub.tsx [Client Component Browser]
    ./src/app/page.tsx [Client Component Browser]
    ./src/app/page.tsx [Server Component]

  Client Component SSR:
    ./src/components/ShadowingLessonEditor.tsx [Client Component SSR]
    ./src/components/ShadowingHub.tsx [Client Component SSR]
    ./src/app/page.tsx [Client Component SSR]
    ./src/app/page.tsx [Server Component]

https://nextjs.org/docs/messages/module-not-found


⨯ ./src/components/ShadowingLessonEditor.tsx:14:1
Error: Module not found: Can't resolve '@/lib/shadowingEnrichment'
  [90m12 |[0m   [36mtype[0m [33mShadowingTopic[0m,
  [90m13 |[0m } [36mfrom[0m [32m'@/lib/shadowing'[0m;
[31m[1m>[0m [90m14 |[0m [36mimport[0m {
  [90m   |[0m [31m[1m^^^^^^^[0m
[31m[1m>[0m [90m15 |[0m   [33mMAX_SHADOWING_ENRICHMENT_TEXT_LENGTH[0m,
  [90m   |[0m [31m[1m^^^^^^^^^^^^^^^^^^^^^^^^^^^^^^^^^^^^^^^[0m
[31m[1m>[0m [90m16 |[0m   mergeShadowingEnrichment,
  [90m   |[0m [31m[1m^^^^^^^^^^^^^^^^^^^^^^^^^^^[0m
[31m[1m>[0m [90m17 |[0m   parseShadowingEnrichmentResponse,
  [90m   |[0m [31m[1m^^^^^^^^^^^^^^^^^^^^^^^^^^^^^^^^^^^[0m
[31m[1m>[0m [90m18 |[0m   [33mSHADOWING_ENRICHMENT_BATCH_SIZE[0m,
  [90m   |[0m [31m[1m^^^^^^^^^^^^^^^^^^^^^^^^^^^^^^^^^^[0m
[31m[1m>[0m [90m19 |[0m } [36mfrom[0m [32m'@/lib/shadowingEnrichment'[0m;
  [90m   |[0m [31m[1m^^^^^^^^^^^^^^^^^^^^^^^^^^^^^^^^^^^[0m
  [90m20 |[0m
  [90m21 |[0m [36mtype[0m [33mProps[0m = {
  [90m22 |[0m   lesson?: [33mShadowingLesson[0m | [36mnull[0m;

Import map: aliased to relative './src/lib/shadowingEnrichment' inside of [project]/


Import traces:
  Client Component Browser:
    ./src/components/ShadowingLessonEditor.tsx [Client Component Browser]
    ./src/components/ShadowingHub.tsx [Client Component Browser]
    ./src/app/page.tsx [Client Component Browser]
    ./src/app/page.tsx [Server Component]

  Client Component SSR:
    ./src/components/ShadowingLessonEditor.tsx [Client Component SSR]
    ./src/components/ShadowingHub.tsx [Client Component SSR]
    ./src/app/page.tsx [Client Component SSR]
    ./src/app/page.tsx [Server Component]

https://nextjs.org/docs/messages/module-not-found


⨯ ./src/app/api/shadowing/enrich/route.ts:6:1
Error: Module not found: Can't resolve '@/lib/shadowingEnrichment'
  [90m4 |[0m   [33mShadowingEnrichmentItem[0m,
  [90m5 |[0m } [36mfrom[0m [32m'@/lib/shadowingEnrichment'[0m;
[31m[1m>[0m [90m6 |[0m [36mimport[0m { [33mSHADOWING_ENRICHMENT_BATCH_SIZE[0m } [36mfrom[0m [32m'@/lib/shadowingEnrichment'[0m;
  [90m  |[0m [31m[1m^^^^^^^^^^^^^^^^^^^^^^^^^^^^^^^^^^^^^^^^^^^^^^^^^^^^^^^^^^^^^^^^^^^^^^^^^^^^[0m
  [90m7 |[0m [36mimport[0m { [33mMAX_SHADOWING_ENRICHMENT_TEXT_LENGTH[0m } [36mfrom[0m [32m'@/lib/shadowingEnrichment'[0m;
  [90m8 |[0m [36mimport[0m { toHiragana } [36mfrom[0m [32m'wanakana'[0m;
  [90m9 |[0m

Import map: aliased to relative './src/lib/shadowingEnrichment' inside of [project]/


https://nextjs.org/docs/messages/module-not-found


⨯ ./src/app/api/shadowing/enrich/route.ts:6:1
Error: Module not found: Can't resolve '@/lib/shadowingEnrichment'
  [90m4 |[0m   [33mShadowingEnrichmentItem[0m,
  [90m5 |[0m } [36mfrom[0m [32m'@/lib/shadowingEnrichment'[0m;
[31m[1m>[0m [90m6 |[0m [36mimport[0m { [33mSHADOWING_ENRICHMENT_BATCH_SIZE[0m } [36mfrom[0m [32m'@/lib/shadowingEnrichment'[0m;
  [90m  |[0m [31m[1m^^^^^^^^^^^^^^^^^^^^^^^^^^^^^^^^^^^^^^^^^^^^^^^^^^^^^^^^^^^^^^^^^^^^^^^^^^^^[0m
  [90m7 |[0m [36mimport[0m { [33mMAX_SHADOWING_ENRICHMENT_TEXT_LENGTH[0m } [36mfrom[0m [32m'@/lib/shadowingEnrichment'[0m;
  [90m8 |[0m [36mimport[0m { toHiragana } [36mfrom[0m [32m'wanakana'[0m;
  [90m9 |[0m

Import map: aliased to relative './src/lib/shadowingEnrichment' inside of [project]/


https://nextjs.org/docs/messages/module-not-found


⨯ ./src/app/api/shadowing/enrich/route.ts:7:1
Error: Module not found: Can't resolve '@/lib/shadowingEnrichment'
  [90m 5 |[0m } [36mfrom[0m [32m'@/lib/shadowingEnrichment'[0m;
  [90m 6 |[0m [36mimport[0m { [33mSHADOWING_ENRICHMENT_BATCH_SIZE[0m } [36mfrom[0m [32m'@/lib/shadowingEnrichment'[0m;
[31m[1m>[0m [90m 7 |[0m [36mimport[0m { [33mMAX_SHADOWING_ENRICHMENT_TEXT_LENGTH[0m } [36mfrom[0m [32m'@/lib/shadowingEnrichment'[0m;
  [90m   |[0m [31m[1m^^^^^^^^^^^^^^^^^^^^^^^^^^^^^^^^^^^^^^^^^^^^^^^^^^^^^^^^^^^^^^^^^^^^^^^^^^^^^^^^^[0m
  [90m 8 |[0m [36mimport[0m { toHiragana } [36mfrom[0m [32m'wanakana'[0m;
  [90m 9 |[0m
  [90m10 |[0m [36mexport[0m [36mconst[0m runtime = [32m'nodejs'[0m;

Import map: aliased to relative './src/lib/shadowingEnrichment' inside of [project]/


https://nextjs.org/docs/messages/module-not-found


⨯ ./src/app/api/shadowing/enrich/route.ts:7:1
Error: Module not found: Can't resolve '@/lib/shadowingEnrichment'
  [90m 5 |[0m } [36mfrom[0m [32m'@/lib/shadowingEnrichment'[0m;
  [90m 6 |[0m [36mimport[0m { [33mSHADOWING_ENRICHMENT_BATCH_SIZE[0m } [36mfrom[0m [32m'@/lib/shadowingEnrichment'[0m;
[31m[1m>[0m [90m 7 |[0m [36mimport[0m { [33mMAX_SHADOWING_ENRICHMENT_TEXT_LENGTH[0m } [36mfrom[0m [32m'@/lib/shadowingEnrichment'[0m;
  [90m   |[0m [31m[1m^^^^^^^^^^^^^^^^^^^^^^^^^^^^^^^^^^^^^^^^^^^^^^^^^^^^^^^^^^^^^^^^^^^^^^^^^^^^^^^^^[0m
  [90m 8 |[0m [36mimport[0m { toHiragana } [36mfrom[0m [32m'wanakana'[0m;
  [90m 9 |[0m
  [90m10 |[0m [36mexport[0m [36mconst[0m runtime = [32m'nodejs'[0m;

Import map: aliased to relative './src/lib/shadowingEnrichment' inside of [project]/


https://nextjs.org/docs/messages/module-not-found


⨯ ./src/components/ShadowingLessonEditor.tsx:14:1
Error: Module not found: Can't resolve '@/lib/shadowingEnrichment'
  [90m12 |[0m   [36mtype[0m [33mShadowingTopic[0m,
  [90m13 |[0m } [36mfrom[0m [32m'@/lib/shadowing'[0m;
[31m[1m>[0m [90m14 |[0m [36mimport[0m {
  [90m   |[0m [31m[1m^^^^^^^[0m
[31m[1m>[0m [90m15 |[0m   [33mAI_STUDIO_BATCH_SIZE[0m,
  [90m   |[0m [31m[1m^^^^^^^^^^^^^^^^^^^^^^^[0m
[31m[1m>[0m [90m16 |[0m   [33mAI_STUDIO_URL[0m,
  [90m   |[0m [31m[1m^^^^^^^^^^^^^^^^[0m
[31m[1m>[0m [90m17 |[0m   applyAiStudioResult,
  [90m   |[0m [31m[1m^^^^^^^^^^^^^^^^^^^^^^[0m
[31m[1m>[0m [90m18 |[0m   createAiStudioPrompt,
  [90m   |[0m [31m[1m^^^^^^^^^^^^^^^^^^^^^^^[0m
[31m[1m>[0m [90m19 |[0m   parseAiStudioResult,
  [90m   |[0m [31m[1m^^^^^^^^^^^^^^^^^^^^^^[0m
[31m[1m>[0m [90m20 |[0m } [36mfrom[0m [32m'@/lib/shadowingEnrichment'[0m;
  [90m   |[0m [31m[1m^^^^^^^^^^^^^^^^^^^^^^^^^^^^^^^^^^^[0m
  [90m21 |[0m
  [90m22 |[0m [36mtype[0m [33mProps[0m = {
  [90m23 |[0m   lesson?: [33mShadowingLesson[0m | [36mnull[0m;

Import map: aliased to relative './src/lib/shadowingEnrichment' inside of [project]/


Import traces:
  Client Component Browser:
    ./src/components/ShadowingLessonEditor.tsx [Client Component Browser]
    ./src/components/ShadowingHub.tsx [Client Component Browser]
    ./src/app/page.tsx [Client Component Browser]
    ./src/app/page.tsx [Server Component]

  Client Component SSR:
    ./src/components/ShadowingLessonEditor.tsx [Client Component SSR]
    ./src/components/ShadowingHub.tsx [Client Component SSR]
    ./src/app/page.tsx [Client Component SSR]
    ./src/app/page.tsx [Server Component]

https://nextjs.org/docs/messages/module-not-found


⨯ ./src/components/ShadowingLessonEditor.tsx:14:1
Error: Module not found: Can't resolve '@/lib/shadowingEnrichment'
  [90m12 |[0m   [36mtype[0m [33mShadowingTopic[0m,
  [90m13 |[0m } [36mfrom[0m [32m'@/lib/shadowing'[0m;
[31m[1m>[0m [90m14 |[0m [36mimport[0m {
  [90m   |[0m [31m[1m^^^^^^^[0m
[31m[1m>[0m [90m15 |[0m   [33mAI_STUDIO_BATCH_SIZE[0m,
  [90m   |[0m [31m[1m^^^^^^^^^^^^^^^^^^^^^^^[0m
[31m[1m>[0m [90m16 |[0m   [33mAI_STUDIO_URL[0m,
  [90m   |[0m [31m[1m^^^^^^^^^^^^^^^^[0m
[31m[1m>[0m [90m17 |[0m   applyAiStudioResult,
  [90m   |[0m [31m[1m^^^^^^^^^^^^^^^^^^^^^^[0m
[31m[1m>[0m [90m18 |[0m   createAiStudioPrompt,
  [90m   |[0m [31m[1m^^^^^^^^^^^^^^^^^^^^^^^[0m
[31m[1m>[0m [90m19 |[0m   parseAiStudioResult,
  [90m   |[0m [31m[1m^^^^^^^^^^^^^^^^^^^^^^[0m
[31m[1m>[0m [90m20 |[0m } [36mfrom[0m [32m'@/lib/shadowingEnrichment'[0m;
  [90m   |[0m [31m[1m^^^^^^^^^^^^^^^^^^^^^^^^^^^^^^^^^^^[0m
  [90m21 |[0m
  [90m22 |[0m [36mtype[0m [33mProps[0m = {
  [90m23 |[0m   lesson?: [33mShadowingLesson[0m | [36mnull[0m;

Import map: aliased to relative './src/lib/shadowingEnrichment' inside of [project]/


Import traces:
  Client Component Browser:
    ./src/components/ShadowingLessonEditor.tsx [Client Component Browser]
    ./src/components/ShadowingHub.tsx [Client Component Browser]
    ./src/app/page.tsx [Client Component Browser]
    ./src/app/page.tsx [Server Component]

  Client Component SSR:
    ./src/components/ShadowingLessonEditor.tsx [Client Component SSR]
    ./src/components/ShadowingHub.tsx [Client Component SSR]
    ./src/app/page.tsx [Client Component SSR]
    ./src/app/page.tsx [Server Component]

https://nextjs.org/docs/messages/module-not-found


⨯ ./src/components/ShadowingLessonEditor.tsx:14:1
Error: Module not found: Can't resolve '@/lib/shadowingEnrichment'
  [90m12 |[0m   [36mtype[0m [33mShadowingTopic[0m,
  [90m13 |[0m } [36mfrom[0m [32m'@/lib/shadowing'[0m;
[31m[1m>[0m [90m14 |[0m [36mimport[0m {
  [90m   |[0m [31m[1m^^^^^^^[0m
[31m[1m>[0m [90m15 |[0m   [33mAI_STUDIO_BATCH_SIZE[0m,
  [90m   |[0m [31m[1m^^^^^^^^^^^^^^^^^^^^^^^[0m
[31m[1m>[0m [90m16 |[0m   [33mAI_STUDIO_URL[0m,
  [90m   |[0m [31m[1m^^^^^^^^^^^^^^^^[0m
[31m[1m>[0m [90m17 |[0m   applyAiStudioResult,
  [90m   |[0m [31m[1m^^^^^^^^^^^^^^^^^^^^^^[0m
[31m[1m>[0m [90m18 |[0m   createAiStudioPrompt,
  [90m   |[0m [31m[1m^^^^^^^^^^^^^^^^^^^^^^^[0m
[31m[1m>[0m [90m19 |[0m   parseAiStudioResult,
  [90m   |[0m [31m[1m^^^^^^^^^^^^^^^^^^^^^^[0m
[31m[1m>[0m [90m20 |[0m } [36mfrom[0m [32m'@/lib/shadowingEnrichment'[0m;
  [90m   |[0m [31m[1m^^^^^^^^^^^^^^^^^^^^^^^^^^^^^^^^^^^[0m
  [90m21 |[0m
  [90m22 |[0m [36mtype[0m [33mProps[0m = {
  [90m23 |[0m   lesson?: [33mShadowingLesson[0m | [36mnull[0m;

Import map: aliased to relative './src/lib/shadowingEnrichment' inside of [project]/


Import traces:
  Client Component Browser:
    ./src/components/ShadowingLessonEditor.tsx [Client Component Browser]
    ./src/components/ShadowingHub.tsx [Client Component Browser]
    ./src/app/page.tsx [Client Component Browser]
    ./src/app/page.tsx [Server Component]

  Client Component SSR:
    ./src/components/ShadowingLessonEditor.tsx [Client Component SSR]
    ./src/components/ShadowingHub.tsx [Client Component SSR]
    ./src/app/page.tsx [Client Component SSR]
    ./src/app/page.tsx [Server Component]

https://nextjs.org/docs/messages/module-not-found


⨯ ./src/components/ShadowingLessonEditor.tsx:14:1
Error: Module not found: Can't resolve '@/lib/shadowingEnrichment'
  [90m12 |[0m   [36mtype[0m [33mShadowingTopic[0m,
  [90m13 |[0m } [36mfrom[0m [32m'@/lib/shadowing'[0m;
[31m[1m>[0m [90m14 |[0m [36mimport[0m {
  [90m   |[0m [31m[1m^^^^^^^[0m
[31m[1m>[0m [90m15 |[0m   [33mAI_STUDIO_BATCH_SIZE[0m,
  [90m   |[0m [31m[1m^^^^^^^^^^^^^^^^^^^^^^^[0m
[31m[1m>[0m [90m16 |[0m   [33mAI_STUDIO_URL[0m,
  [90m   |[0m [31m[1m^^^^^^^^^^^^^^^^[0m
[31m[1m>[0m [90m17 |[0m   applyAiStudioResult,
  [90m   |[0m [31m[1m^^^^^^^^^^^^^^^^^^^^^^[0m
[31m[1m>[0m [90m18 |[0m   createAiStudioPrompt,
  [90m   |[0m [31m[1m^^^^^^^^^^^^^^^^^^^^^^^[0m
[31m[1m>[0m [90m19 |[0m   parseAiStudioResult,
  [90m   |[0m [31m[1m^^^^^^^^^^^^^^^^^^^^^^[0m
[31m[1m>[0m [90m20 |[0m } [36mfrom[0m [32m'@/lib/shadowingEnrichment'[0m;
  [90m   |[0m [31m[1m^^^^^^^^^^^^^^^^^^^^^^^^^^^^^^^^^^^[0m
  [90m21 |[0m
  [90m22 |[0m [36mtype[0m [33mProps[0m = {
  [90m23 |[0m   lesson?: [33mShadowingLesson[0m | [36mnull[0m;

Import map: aliased to relative './src/lib/shadowingEnrichment' inside of [project]/


Import traces:
  Client Component Browser:
    ./src/components/ShadowingLessonEditor.tsx [Client Component Browser]
    ./src/components/ShadowingHub.tsx [Client Component Browser]
    ./src/app/page.tsx [Client Component Browser]
    ./src/app/page.tsx [Server Component]

  Client Component SSR:
    ./src/components/ShadowingLessonEditor.tsx [Client Component SSR]
    ./src/components/ShadowingHub.tsx [Client Component SSR]
    ./src/app/page.tsx [Client Component SSR]
    ./src/app/page.tsx [Server Component]

https://nextjs.org/docs/messages/module-not-found


⨯ ./src/components/ShadowingLessonEditor.tsx:14:1
Error: Module not found: Can't resolve '@/lib/shadowingEnrichment'
  [90m12 |[0m   [36mtype[0m [33mShadowingTopic[0m,
  [90m13 |[0m } [36mfrom[0m [32m'@/lib/shadowing'[0m;
[31m[1m>[0m [90m14 |[0m [36mimport[0m {
  [90m   |[0m [31m[1m^^^^^^^[0m
[31m[1m>[0m [90m15 |[0m   [33mAI_STUDIO_BATCH_SIZE[0m,
  [90m   |[0m [31m[1m^^^^^^^^^^^^^^^^^^^^^^^[0m
[31m[1m>[0m [90m16 |[0m   [33mAI_STUDIO_URL[0m,
  [90m   |[0m [31m[1m^^^^^^^^^^^^^^^^[0m
[31m[1m>[0m [90m17 |[0m   applyAiStudioResult,
  [90m   |[0m [31m[1m^^^^^^^^^^^^^^^^^^^^^^[0m
[31m[1m>[0m [90m18 |[0m   createAiStudioPrompt,
  [90m   |[0m [31m[1m^^^^^^^^^^^^^^^^^^^^^^^[0m
[31m[1m>[0m [90m19 |[0m   parseAiStudioResult,
  [90m   |[0m [31m[1m^^^^^^^^^^^^^^^^^^^^^^[0m
[31m[1m>[0m [90m20 |[0m } [36mfrom[0m [32m'@/lib/shadowingEnrichment'[0m;
  [90m   |[0m [31m[1m^^^^^^^^^^^^^^^^^^^^^^^^^^^^^^^^^^^[0m
  [90m21 |[0m
  [90m22 |[0m [36mtype[0m [33mProps[0m = {
  [90m23 |[0m   lesson?: [33mShadowingLesson[0m | [36mnull[0m;

Import map: aliased to relative './src/lib/shadowingEnrichment' inside of [project]/


Import traces:
  Client Component Browser:
    ./src/components/ShadowingLessonEditor.tsx [Client Component Browser]
    ./src/components/ShadowingHub.tsx [Client Component Browser]
    ./src/app/page.tsx [Client Component Browser]
    ./src/app/page.tsx [Server Component]

  Client Component SSR:
    ./src/components/ShadowingLessonEditor.tsx [Client Component SSR]
    ./src/components/ShadowingHub.tsx [Client Component SSR]
    ./src/app/page.tsx [Client Component SSR]
    ./src/app/page.tsx [Server Component]

https://nextjs.org/docs/messages/module-not-found


